// Jest Snapshot v1, https://goo.gl/fbAQLP

exports[`<Posts /> Should match a snapshot 1`] = `
<div
  class="posts"
>
  <div
    class="post"
  >
    <h1>
      1
    </h1>
    <img
      alt="title1"
      src="img/img.png"
    />
    <div
      class="post-content"
    >
      <h2>
        title1
      </h2>
      <p>
        body1
      </p>
    </div>
  </div>
  <div
    class="post"
  >
    <h1>
      2
    </h1>
    <img
      alt="title 2"
      src="img/img2.png"
    />
    <div
      class="post-content"
    >
      <h2>
        title 2
      </h2>
      <p>
        body 2
      </p>
    </div>
  </div>
  <div
    class="post"
  >
    <h1>
      3
    </h1>
    <img
      alt="title 3"
      src="img/img3.png"
    />
    <div
      class="post-content"
    >
      <h2>
        title 3
      </h2>
      <p>
        body 3
      </p>
    </div>
  </div>
</div>
`;
