// Jest Snapshot v1, https://goo.gl/fbAQLP

exports[`<TextInput /> Should match a snapshot 1`] = `
<div>
  <input
    class="text-input"
    placeholder="Type your search"
    type="search"
    value=""
  />
</div>
`;
